// Jest Snapshot v1, https://goo.gl/fbAQLP

exports[`<JiraCredentials /> renders JiraCredentials component 1`] = `
<Fragment>
  <WithStyles(ForwardRef(Typography))
    align="center"
    className="jira-credentails-title"
    gutterBottom={true}
    variant="h6"
  >
    Please, enter your JIRA credentials here!
  </WithStyles(ForwardRef(Typography))>
  <form
    autoComplete="off"
    className="jira-credentails-container"
    noValidate={true}
  >
    <div
      className="jira-credentails"
    >
      <WithStyles(ForwardRef(TextField))
        className="jira-credentails-field"
        defaultValue="username"
        error={false}
        helperText="Username can't be empty."
        label="Usename"
        onChange={[Function]}
        required={true}
        type="text"
        variant="outlined"
      />
    </div>
    <div
      className="jira-credentails"
    >
      <WithStyles(ForwardRef(TextField))
        className="jira-credentails-field"
        defaultValue="password"
        error={false}
        helperText="Password can't be empty."
        id="standard-password-input"
        label="Password"
        onChange={[Function]}
        required={true}
        type="password"
        variant="outlined"
      />
    </div>
  </form>
</Fragment>
`;
