// Jest Snapshot v1, https://goo.gl/fbAQLP

exports[`<JiraCredentials /> renders JiraCredentials component 1`] = `
<Fragment>
  <Styled(WithStyles(ForwardRef(Typography)))
    align="center"
    gutterBottom={true}
    variant="h6"
  >
    Please, enter your JIRA credentials here!
  </Styled(WithStyles(ForwardRef(Typography)))>
  <styled.form
    autoComplete="off"
    noValidate={true}
  >
    <styled.div>
      <Styled(WithStyles(ForwardRef(TextField)))
        defaultValue="username"
        error={false}
        helperText="Username can't be empty."
        label="Usename"
        onChange={[Function]}
        required={true}
        type="text"
        variant="outlined"
      />
    </styled.div>
    <styled.div>
      <Styled(WithStyles(ForwardRef(TextField)))
        defaultValue="password"
        error={false}
        helperText="Password can't be empty."
        id="standard-password-input"
        label="Password"
        onChange={[Function]}
        required={true}
        type="password"
        variant="outlined"
      />
    </styled.div>
  </styled.form>
</Fragment>
`;
