// Jest Snapshot v1, https://goo.gl/fbAQLP

exports[`<JiraUrl /> renders JiraUrl component 1`] = `
<Fragment>
  <Styled(WithStyles(ForwardRef(Typography)))
    align="center"
    gutterBottom={true}
    variant="h6"
  >
    Please, enter JIRA URL below! (Example - jira.organization.com)
  </Styled(WithStyles(ForwardRef(Typography)))>
  <styled.form
    autoComplete="off"
    noValidate={true}
  >
    <WithStyles(ForwardRef(TextField))
      defaultValue="jira.example.com"
      helperText="Jira URL field can't be empty."
      label="Jira URL"
      required={true}
      type="text"
      variant="outlined"
    />
  </styled.form>
</Fragment>
`;
